HOME  .
QUERY 6oim_proa.orig_init
TEMPL 6oim_proa.orig_build.pdb
RESIDUE     1 A  M     1  _    -     -  -
RESIDUE     2 A  K     2  _    -     -  -
RESIDUE     3 A  H     3  _    -     -  -
RESIDUE     4 A  H     4  _    -     -  -
RESIDUE     5 A  H     5  _    -     -  -
RESIDUE     6 A  H     6  _    -     -  -
RESIDUE     7 A  H     7  _    -     -  -
RESIDUE     8 A  H     8  _    -     -  -
RESIDUE     9 A  H     9  _    -     -  -
RESIDUE    10 A  D    10  _    -     -  -
RESIDUE    11 A  E    11  _    -     -  -
RESIDUE    12 A  V    12  _    -     -  -
RESIDUE    13 A  D    13  _    -     -  -
RESIDUE    14 A  G    14  _     0    1  G
RESIDUE    15 A  M    15  _     1    2  M
RESIDUE    16 A  T    16  _     2    3  T
RESIDUE    17 A  E    17  _     3    4  E
RESIDUE    18 A  Y    18  _     4    5  Y
RESIDUE    19 A  K    19  _     5    6  K
RESIDUE    20 A  L    20  _     6    7  L
RESIDUE    21 A  V    21  _     7    8  V
RESIDUE    22 A  V    22  _     8    9  V
RESIDUE    23 A  V    23  _     9   10  V
RESIDUE    24 A  G    24  _    10   11  G
RESIDUE    25 A  A    25  _    11   12  A
RESIDUE    26 A  C    26  _    12   13  C
RESIDUE    27 A  G    27  _    13   14  G
RESIDUE    28 A  V    28  _    14   15  V
RESIDUE    29 A  G    29  _    15   16  G
RESIDUE    30 A  K    30  _    16   17  K
RESIDUE    31 A  S    31  _    17   18  S
RESIDUE    32 A  A    32  _    18   19  A
RESIDUE    33 A  L    33  _    19   20  L
RESIDUE    34 A  T    34  _    20   21  T
RESIDUE    35 A  I    35  _    21   22  I
RESIDUE    36 A  Q    36  _    22   23  Q
RESIDUE    37 A  L    37  _    23   24  L
RESIDUE    38 A  I    38  _    24   25  I
RESIDUE    39 A  Q    39  _    25   26  Q
RESIDUE    40 A  N    40  _    26   27  N
RESIDUE    41 A  H    41  _    27   28  H
RESIDUE    42 A  F    42  _    28   29  F
RESIDUE    43 A  V    43  _    29   30  V
RESIDUE    44 A  D    44  _    30   31  D
RESIDUE    45 A  E    45  _    31   32  E
RESIDUE    46 A  Y    46  _    32   33  Y
RESIDUE    47 A  D    47  _    33   34  D
RESIDUE    48 A  P    48  _    34   35  P
RESIDUE    49 A  T    49  _    35   36  T
RESIDUE    50 A  I    50  _    36   37  I
RESIDUE    51 A  E    51  _    37   38  E
RESIDUE    52 A  D    52  _    38   39  D
RESIDUE    53 A  S    53  _    39   40  S
RESIDUE    54 A  Y    54  _    40   41  Y
RESIDUE    55 A  R    55  _    41   42  R
RESIDUE    56 A  K    56  _    42   43  K
RESIDUE    57 A  Q    57  _    43   44  Q
RESIDUE    58 A  V    58  _    44   45  V
RESIDUE    59 A  V    59  _    45   46  V
RESIDUE    60 A  I    60  _    46   47  I
RESIDUE    61 A  D    61  _    47   48  D
RESIDUE    62 A  G    62  _    48   49  G
RESIDUE    63 A  E    63  _    49   50  E
RESIDUE    64 A  T    64  _    50   51  T
RESIDUE    65 A  S    65  _    51   52  S
RESIDUE    66 A  L    66  _    52   53  L
RESIDUE    67 A  L    67  _    53   54  L
RESIDUE    68 A  D    68  _    54   55  D
RESIDUE    69 A  I    69  _    55   56  I
RESIDUE    70 A  L    70  _    56   57  L
RESIDUE    71 A  D    71  _    57   58  D
RESIDUE    72 A  T    72  _    58   59  T
RESIDUE    73 A  A    73  _    59   60  A
RESIDUE    74 A  G    74  _    60   61  G
RESIDUE    75 A  Q    75  _    61   62  Q
RESIDUE    76 A  E    76  _    62   63  E
RESIDUE    77 A  E    77  _    63   64  E
RESIDUE    78 A  Y    78  _    64   65  Y
RESIDUE    79 A  S    79  _    65   66  S
RESIDUE    80 A  A    80  _    66   67  A
RESIDUE    81 A  M    81  _    67   68  M
RESIDUE    82 A  R    82  _    68   69  R
RESIDUE    83 A  D    83  _    69   70  D
RESIDUE    84 A  Q    84  _    70   71  Q
RESIDUE    85 A  Y    85  _    71   72  Y
RESIDUE    86 A  M    86  _    72   73  M
RESIDUE    87 A  R    87  _    73   74  R
RESIDUE    88 A  T    88  _    74   75  T
RESIDUE    89 A  G    89  _    75   76  G
RESIDUE    90 A  E    90  _    76   77  E
RESIDUE    91 A  G    91  _    77   78  G
RESIDUE    92 A  F    92  _    78   79  F
RESIDUE    93 A  L    93  _    79   80  L
RESIDUE    94 A  L    94  _    80   81  L
RESIDUE    95 A  V    95  _    81   82  V
RESIDUE    96 A  F    96  _    82   83  F
RESIDUE    97 A  A    97  _    83   84  A
RESIDUE    98 A  I    98  _    84   85  I
RESIDUE    99 A  N    99  _    85   86  N
RESIDUE   100 A  N   100  _    86   87  N
RESIDUE   101 A  T   101  _    87   88  T
RESIDUE   102 A  K   102  _    88   89  K
RESIDUE   103 A  S   103  _    89   90  S
RESIDUE   104 A  F   104  _    90   91  F
RESIDUE   105 A  E   105  _    91   92  E
RESIDUE   106 A  D   106  _    92   93  D
RESIDUE   107 A  I   107  _    93   94  I
RESIDUE   108 A  H   108  _    94   95  H
RESIDUE   109 A  H   109  _    95   96  H
RESIDUE   110 A  Y   110  _    96   97  Y
RESIDUE   111 A  R   111  _    97   98  R
RESIDUE   112 A  E   112  _    98   99  E
RESIDUE   113 A  Q   113  _    99  100  Q
RESIDUE   114 A  I   114  _   100  101  I
RESIDUE   115 A  K   115  _   101  102  K
RESIDUE   116 A  R   116  _   102  103  R
RESIDUE   117 A  V   117  _   103  104  V
RESIDUE   118 A  K   118  _   104  105  K
RESIDUE   119 A  D   119  _    -     -  -
RESIDUE   120 A  S   120  _    -     -  -
RESIDUE   121 A  E   121  _    -     -  -
RESIDUE   122 A  D   122  _   108  107  D
RESIDUE   123 A  V   123  _   109  108  V
RESIDUE   124 A  P   124  _   110  109  P
RESIDUE   125 A  M   125  _   111  110  M
RESIDUE   126 A  V   126  _   112  111  V
RESIDUE   127 A  L   127  _   113  112  L
RESIDUE   128 A  V   128  _   114  113  V
RESIDUE   129 A  G   129  _   115  114  G
RESIDUE   130 A  N   130  _   116  115  N
RESIDUE   131 A  K   131  _   117  116  K
RESIDUE   132 A  S   132  _   118  117  S
RESIDUE   133 A  D   133  _   119  118  D
RESIDUE   134 A  L   134  _   120  119  L
RESIDUE   135 A  P   135  _   121  120  P
RESIDUE   136 A  S   136  _   122  121  S
RESIDUE   137 A  R   137  _   123  122  R
RESIDUE   138 A  T   138  _   124  123  T
RESIDUE   139 A  V   139  _   125  124  V
RESIDUE   140 A  D   140  _   126  125  D
RESIDUE   141 A  T   141  _   127  126  T
RESIDUE   142 A  K   142  _   128  127  K
RESIDUE   143 A  Q   143  _   129  128  Q
RESIDUE   144 A  A   144  _   130  129  A
RESIDUE   145 A  Q   145  _   131  130  Q
RESIDUE   146 A  D   146  _   132  131  D
RESIDUE   147 A  L   147  _   133  132  L
RESIDUE   148 A  A   148  _   134  133  A
RESIDUE   149 A  R   149  _   135  134  R
RESIDUE   150 A  S   150  _   136  135  S
RESIDUE   151 A  Y   151  _   137  136  Y
RESIDUE   152 A  G   152  _   138  137  G
RESIDUE   153 A  I   153  _   139  138  I
RESIDUE   154 A  P   154  _   140  139  P
RESIDUE   155 A  F   155  _   141  140  F
RESIDUE   156 A  I   156  _   142  141  I
RESIDUE   157 A  E   157  _   143  142  E
RESIDUE   158 A  T   158  _   144  143  T
RESIDUE   159 A  S   159  _   145  144  S
RESIDUE   160 A  A   160  _   146  145  A
RESIDUE   161 A  K   161  _   147  146  K
RESIDUE   162 A  T   162  _   148  147  T
RESIDUE   163 A  R   163  _   149  148  R
RESIDUE   164 A  Q   164  _   150  149  Q
RESIDUE   165 A  G   165  _   151  150  G
RESIDUE   166 A  V   166  _   152  151  V
RESIDUE   167 A  D   167  _   153  152  D
RESIDUE   168 A  D   168  _   154  153  D
RESIDUE   169 A  A   169  _   155  154  A
RESIDUE   170 A  F   170  _   156  155  F
RESIDUE   171 A  Y   171  _   157  156  Y
RESIDUE   172 A  T   172  _   158  157  T
RESIDUE   173 A  L   173  _   159  158  L
RESIDUE   174 A  V   174  _   160  159  V
RESIDUE   175 A  R   175  _   161  160  R
RESIDUE   176 A  E   176  _   162  161  E
RESIDUE   177 A  I   177  _   163  162  I
RESIDUE   178 A  R   178  _   164  163  R
RESIDUE   179 A  K   179  _   165  164  K
RESIDUE   180 A  H   180  _   166  165  H
RESIDUE   181 A  K   181  _   167  166  K
RESIDUE   182 A  E   182  _   168  167  E
RESIDUE   183 A  K   183  _   169  168  K
TER
END
